// Jest Snapshot v1, https://goo.gl/fbAQLP

exports[`<PinWrapper /> component should match snapshot 1`] = `
<Styled(div)>
  <Connect(Lock) />
  <Connect(DisplayWrapper) />
  <Connect(ButtonsWrapper) />
</Styled(div)>
`;
